1745342688|Jonas Moritz Mueller|A|/README.md
1745443605|Jonas|A|/.clang-tidy
1745443605|Jonas|A|/.gitignore
1745443605|Jonas|A|/CMakeLists.txt
1745443605|Jonas|A|/ext/Catch2
1745443605|Jonas|A|/include/game.h
1745443605|Jonas|A|/src/game.cpp
1745443605|Jonas|A|/src/main.cpp
1745443605|Jonas|A|/test/test1.cpp
1745444239|Jonas|M|/.gitignore
1745444571|Jonas|M|/CMakeLists.txt
1745444571|Jonas|D|/test/test1.cpp
1745444571|Jonas|A|/tests/test1.cpp
1745444775|Jonas Moritz Mueller|M|/.gitignore
1745446881|Jonas|M|/CMakeLists.txt
1745446881|Jonas|M|/README.md
1745448327|Jonas Moritz Mueller|M|/README.md
1745511235|Jonas|M|/include/game.h
1745511235|Jonas|M|/src/game.cpp
1745511235|Jonas|M|/src/main.cpp
1745511235|Jonas|M|/tests/test1.cpp
1745512431|Jonas|M|/include/game.h
1745512431|Jonas|M|/src/game.cpp
1745513100|Jonas|M|/README.md
1745513100|Jonas|A|/tests/bitboard_test.cpp
1745513100|Jonas|D|/tests/test1.cpp
1745519788|Jonas|M|/include/game.h
1745519788|Jonas|M|/src/game.cpp
1745519788|Jonas|M|/src/main.cpp
1745575465|Jonas|M|/include/game.h
1745575465|Jonas|M|/src/game.cpp
1745586969|Jonas|M|/include/game.h
1745586969|Jonas|M|/src/game.cpp
1745587037|Jonas|M|/tests/bitboard_test.cpp
1745588179|Jonas|M|/README.md
1745589166|Jonas Moritz Mueller|M|/README.md
1745589350|carsten|M|/include/game.h
1745589350|carsten|M|/src/game.cpp
1745590837|Jonas|M|/include/game.h
1745590837|Jonas|M|/src/game.cpp
1745590897|Jonas|M|/include/game.h
1745590897|Jonas|M|/src/game.cpp
1745595796|Jonas|M|/include/game.h
1745595796|Jonas|M|/src/game.cpp
1745595796|Jonas|M|/src/main.cpp
1745765303|Jonas|M|/README.md
1745765360|Jonas Moritz Mueller|M|/README.md
1745768563|Jonas|M|/src/game.cpp
1745768563|Jonas|M|/src/main.cpp
1745770057|Jonas|M|/include/game.h
1745770057|Jonas|M|/src/game.cpp
1745770057|Jonas|M|/src/main.cpp
1745770285|carsten|M|/include/game.h
1745770285|carsten|M|/src/game.cpp
1745771159|Jonas|M|/src/game.cpp
1745771159|Jonas|M|/src/main.cpp
1745771599|Jonas|M|/src/game.cpp
1745784760|carsten|M|/src/game.cpp
1745791633|Jonas|M|/include/game.h
1745791633|Jonas|M|/src/game.cpp
1745791633|Jonas|M|/src/main.cpp
1745791633|Jonas|M|/tests/bitboard_test.cpp
1745838649|Jonas|M|/include/game.h
1745838649|Jonas|M|/src/game.cpp
1745843975|Jonas|M|/CMakeLists.txt
1745843975|Jonas|A|/ext/Zuggeneratorstellungen.csv
1745843975|Jonas|M|/tests/bitboard_test.cpp
1745849031|carsten|M|/include/game.h
1745849031|carsten|M|/src/game.cpp
1745849341|carsten|M|/src/game.cpp
1745852019|carsten|M|/src/game.cpp
1745918213|Jonas|M|/include/game.h
1745918213|Jonas|M|/src/game.cpp
1745918213|Jonas|M|/src/main.cpp
1745919019|Jonas|M|/src/game.cpp
1745950851|carsten|M|/src/game.cpp
1745950851|carsten|M|/src/main.cpp
1745951957|Jonas|M|/src/main.cpp
1745952296|Jonas|M|/src/main.cpp
1745955512|Jonas|M|/include/game.h
1745955512|Jonas|M|/src/game.cpp
1745955512|Jonas|M|/src/main.cpp
1745964384|carsten|M|/include/game.h
1745964384|carsten|M|/src/game.cpp
1745964384|carsten|M|/src/main.cpp
1746017111|Jonas|M|/src/game.cpp
1746017111|Jonas|M|/src/main.cpp
1746018344|carsten|M|/src/game.cpp
1746020928|Jonas|A|/.gitmodules
1746020928|Jonas|M|/CMakeLists.txt
1746020928|Jonas|M|/ext/Catch2
1746020928|Jonas|A|/ext/csv-parser
1746020928|Jonas|M|/tests/bitboard_test.cpp
1746021010|carsten|M|/include/game.h
1746021010|carsten|M|/src/game.cpp
1746021010|carsten|M|/src/main.cpp
1746021304|Jonas Moritz Mueller|M|/README.md
1746029206|Jonas|D|/ext/Zuggeneratorstellungen.csv
1746029206|Jonas|A|/ext/test_daten.csv
1746029206|Jonas|D|/tests/bitboard_test.cpp
1746029206|Jonas|A|/tests/correctness_test.cpp
1746116651|Jonas|M|/ext/test_daten.csv
1746116651|Jonas|M|/include/game.h
1746116651|Jonas|M|/src/game.cpp
1746116651|Jonas|M|/src/main.cpp
1746116651|Jonas|M|/tests/correctness_test.cpp
1746119053|Jonas|M|/src/game.cpp
1746119053|Jonas|M|/src/main.cpp
1746119317|Jonas|M|/ext/test_daten.csv
1746119317|Jonas|M|/src/main.cpp
1746172963|Jonas|M|/.gitignore
1746172963|Jonas|D|/ext/test_daten.csv
1746172963|Jonas|M|/tests/correctness_test.cpp
1746172963|Jonas|A|/tests/test_daten.csv
1746176294|Jonas|M|/CMakeLists.txt
1746176688|carsten|M|/src/main.cpp
1746177755|carsten|M|/tests/correctness_test.cpp
1746182217|Jonas|M|/CMakeLists.txt
1746182217|Jonas|A|/benchmark/benchmark_zuggenerator.cpp
1746182217|Jonas|M|/tests/correctness_test.cpp
1746182291|carsten|M|/src/main.cpp
1746182291|carsten|M|/tests/correctness_test.cpp
1746182291|carsten|M|/tests/test_daten.csv
1746184579|Jonas|M|/benchmark/benchmark_zuggenerator.cpp
1746184690|carsten|M|/src/main.cpp
1746184690|carsten|M|/tests/test_daten.csv
1746185667|Jonas|M|/benchmark/benchmark_zuggenerator.cpp
1746185667|Jonas|M|/src/main.cpp
1746185667|Jonas|M|/tests/correctness_test.cpp
1746185667|Jonas|M|/tests/test_daten.csv
1746189463|Jonas|M|/include/game.h
1746189463|Jonas|M|/src/game.cpp
1746189463|Jonas|M|/src/main.cpp
1746189714|Jonas|M|/src/game.cpp
1746189714|Jonas|M|/tests/test_daten.csv
1746193406|carsten|M|/include/game.h
1746193406|carsten|M|/src/game.cpp
1746193755|Jonas|M|/CMakeLists.txt
1746193755|Jonas|M|/benchmark/benchmark_zuggenerator.cpp
1746193972|Jonas|M|/.gitignore
1746195083|Jonas|M|/src/game.cpp
1746195083|Jonas|M|/src/main.cpp
1746196110|Jonas|M|/include/game.h
1746196110|Jonas|M|/src/game.cpp
1746196110|Jonas|M|/src/main.cpp
1746198043|carsten|M|/src/game.cpp
1746198043|carsten|M|/src/main.cpp
1746199044|Jonas|A|/tests/make_move_tests.cpp
1746199656|Jonas|M|/src/game.cpp
1746208381|Jonas|M|/tests/make_move_tests.cpp
1746224349|Jonas|M|/src/game.cpp
1746224349|Jonas|M|/tests/make_move_tests.cpp
1746224349|Jonas|A|/tests/move_daten.csv
1746728710|Jonas|M|/.gitignore
1746728710|Jonas|M|/README.md
1747163789|Jonas|M|/.gitignore
1747165523|Jonas|M|/src/game.cpp
1747166392|Jonas|A|/include/KI.h
1747166392|Jonas|A|/src/KI.cpp
1747172210|carsten|M|/include/KI.h
1747172210|carsten|M|/include/game.h
1747172210|carsten|M|/src/KI.cpp
1747172210|carsten|M|/src/game.cpp
1747172210|carsten|M|/src/main.cpp
1747225652|Jonas|M|/CMakeLists.txt
1747225652|Jonas|M|/include/KI.h
1747225652|Jonas|M|/include/game.h
1747225652|Jonas|M|/src/KI.cpp
1747225652|Jonas|M|/src/game.cpp
1747225652|Jonas|M|/src/main.cpp
1747236800|Jonas|M|/include/game.h
1747236800|Jonas|M|/src/game.cpp
1747236800|Jonas|M|/src/main.cpp
1747238294|Jonas|M|/CMakeLists.txt
1747238368|carsten|M|/tests/make_move_tests.cpp
1747241247|Jonas|M|/src/game.cpp
1747241247|Jonas|M|/src/main.cpp
1747244803|carsten|M|/include/KI.h
1747244803|carsten|M|/src/KI.cpp
1747244803|carsten|M|/src/game.cpp
1747244803|carsten|M|/src/main.cpp
1747247171|Jonas|M|/src/game.cpp
1747247171|Jonas|M|/src/main.cpp
1747248553|Jonas|M|/CMakeLists.txt
1747248553|Jonas|M|/src/game.cpp
1747251067|carsten|M|/include/KI.h
1747251067|carsten|M|/src/KI.cpp
1747251067|carsten|M|/src/main.cpp
1747251151|carsten|M|/src/KI.cpp
1747305775|carsten|M|/include/KI.h
1747305775|carsten|M|/src/KI.cpp
1747305775|carsten|M|/src/main.cpp
1747305881|Jonas|M|/src/main.cpp
1747306054|carsten|M|/src/main.cpp
1747325196|Jonas|M|/include/KI.h
1747325196|Jonas|A|/include/Utils.h
1747325196|Jonas|M|/include/game.h
1747325196|Jonas|M|/src/KI.cpp
1747325196|Jonas|A|/src/Utils.cpp
1747325196|Jonas|M|/src/game.cpp
1747325196|Jonas|M|/src/main.cpp
1747325987|Jonas|M|/CMakeLists.txt
1747325987|Jonas|M|/README.md
1747326132|Jonas|M|/include/Utils.h
1747328363|Jonas|M|/CMakeLists.txt
1747328363|Jonas|M|/benchmark/benchmark_zuggenerator.cpp
1747328363|Jonas|M|/tests/correctness_test.cpp
1747328363|Jonas|M|/tests/make_move_tests.cpp
1747330963|Jonas|M|/src/KI.cpp
1747330963|Jonas|M|/src/main.cpp
1747330963|Jonas|A|/tests/board_daten.csv
1747330963|Jonas|D|/tests/test_daten.csv
1747331193|Jonas Moritz Mueller|A|/LICENSE
1747396272|Jonas|M|/benchmark/benchmark_zuggenerator.cpp
1747396272|Jonas|M|/include/KI.h
1747396272|Jonas|M|/src/KI.cpp
1747396272|Jonas|M|/src/main.cpp
1747396272|Jonas|M|/tests/correctness_test.cpp
1747399056|Jonas|M|/tests/correctness_test.cpp
1747399056|Jonas|M|/tests/make_move_tests.cpp
1747404754|Jonas|M|/.gitmodules
1747404754|Jonas|M|/CMakeLists.txt
1747404754|Jonas|D|/ext/csv-parser
1747404754|Jonas|A|/ext/headerOnly/csv.h
1747404754|Jonas|A|/ext/headerOnly/json.h
1747405739|Jonas|M|/CMakeLists.txt
1747405739|Jonas|M|/benchmark/benchmark_zuggenerator.cpp
1747405739|Jonas|D|/ext/headerOnly/csv.h
1747405739|Jonas|A|/ext/headerOnly/csv/csv.hpp
1747405739|Jonas|D|/ext/headerOnly/json.h
1747405739|Jonas|A|/ext/headerOnly/json/json.hpp
1747405739|Jonas|M|/tests/correctness_test.cpp
1747405739|Jonas|M|/tests/make_move_tests.cpp
1747407877|Jonas|M|/CMakeLists.txt
1747407877|Jonas|A|/clientDir/client.cpp
1747407877|Jonas|A|/clientDir/config.txt
1747415544|Jonas|M|/CMakeLists.txt
1747415544|Jonas|D|/clientDir/client.cpp
1747415544|Jonas|D|/clientDir/config.txt
1747415544|Jonas|A|/clientinfo/config.txt
1747415544|Jonas|A|/clientsrc/client.cpp
1747415544|Jonas|M|/include/KI.h
1747415544|Jonas|M|/src/KI.cpp
1747416176|Jonas|M|/clientsrc/client.cpp
1747416176|Jonas|M|/include/KI.h
1747416176|Jonas|M|/src/KI.cpp
1747421283|Jonas|M|/README.md
1747421283|Jonas|A|/clientInfo/config.txt
1747421283|Jonas|D|/clientinfo/config.txt
1747421283|Jonas|M|/clientsrc/client.cpp
1747421283|Jonas|A|/include/AI.h
1747421283|Jonas|D|/include/KI.h
1747421283|Jonas|A|/src/AI.cpp
1747421283|Jonas|D|/src/KI.cpp
1747421283|Jonas|M|/src/main.cpp
1747421950|Jonas|M|/README.md
1747422004|Jonas Moritz Mueller|M|/README.md
1747577064|Jonas|M|/.gitignore
1747650950|carsten|M|/include/AI.h
1747650950|carsten|M|/src/AI.cpp
1747650950|carsten|M|/src/main.cpp
1747651251|Jonas|M|/CMakeLists.txt
1747653115|Jonas|M|/README.md
1747653115|Jonas|M|/clientsrc/client.cpp
1747653236|Jonas|M|/README.md
1747654795|carsten|M|/src/AI.cpp
1747654795|carsten|M|/src/main.cpp
1747657331|Jonas|M|/clientsrc/client.cpp
1747657331|Jonas|M|/src/AI.cpp
1747659294|Elia Ruben Kraemer|M|/tests/make_move_tests.cpp
1747659607|Elia Ruben Kraemer|M|/tests/correctness_test.cpp
1747669062|Jonas|M|/CMakeLists.txt
1747669062|Jonas|M|/clientsrc/client.cpp
1747669062|Jonas|M|/include/AI.h
1747669062|Jonas|M|/src/AI.cpp
1747669062|Jonas|M|/src/main.cpp
1747672031|Jonas|M|/include/game.h
1747672031|Jonas|M|/src/AI.cpp
1747672031|Jonas|M|/src/game.cpp
1747674829|carsten|M|/src/AI.cpp
1747674989|Jonas|M|/.gitignore
1747674989|Jonas|M|/src/AI.cpp
1747675633|Jonas|M|/clientsrc/client.cpp
1747675633|Jonas|M|/src/AI.cpp
1747678439|Jonas|M|/clientsrc/client.cpp
1747678439|Jonas|M|/src/AI.cpp
1747679150|Jonas|A|/README.txt
1747679150|Jonas|M|/tests/correctness_test.cpp
1747679311|Jonas|M|/.gitignore
1747680297|carsten|M|/tests/make_move_tests.cpp
1747681225|Jonas|M|/CMakeLists.txt
1747681225|Jonas|M|/benchmark/benchmark_zuggenerator.cpp
1747681225|Jonas|A|/tests/Utils_test.h
1747681225|Jonas|M|/tests/correctness_test.cpp
1747681225|Jonas|M|/tests/make_move_tests.cpp
1747691457|Jonas|A|/benchmark/benchmark_AI.cpp
1747691457|Jonas|M|/benchmark/benchmark_zuggenerator.cpp
1747691457|Jonas|M|/include/AI.h
1747691457|Jonas|M|/src/AI.cpp
1747691457|Jonas|M|/src/main.cpp
1747691457|Jonas|A|/tests/AI_daten.csv
1747691457|Jonas|A|/tests/AI_test.cpp
1747691457|Jonas|M|/tests/Utils_test.h
1747691457|Jonas|M|/tests/correctness_test.cpp
1747691457|Jonas|M|/tests/make_move_tests.cpp
1747695106|Jonas|M|/src/AI.cpp
1747695106|Jonas|M|/src/main.cpp
1747775074|Jonas|M|/benchmark/benchmark_AI.cpp
1747775074|Jonas|M|/benchmark/benchmark_zuggenerator.cpp
1747775074|Jonas|M|/clientsrc/client.cpp
1747775074|Jonas|M|/include/AI.h
1747775074|Jonas|M|/include/game.h
1747775074|Jonas|M|/src/AI.cpp
1747775074|Jonas|M|/src/game.cpp
1747775074|Jonas|M|/tests/make_move_tests.cpp
1747775467|Jonas|M|/.gitignore
1747949747|Jonas|M|/.gitignore
1747949747|Jonas|D|/README.txt
1747949747|Jonas|M|/clientsrc/client.cpp
1747949747|Jonas|A|/server/README.md
1747949747|Jonas|A|/server/gat.py
1747949747|Jonas|A|/server/server.py
1747949747|Jonas|M|/src/AI.cpp
1747950138|Jonas|M|/.gitignore
1747951042|Jonas|M|/server/gat.py
1747951042|Jonas|M|/src/AI.cpp
1747952538|Jonas|M|/README.md
1747952538|Jonas|A|/server/client.py
1748194071|Jonas|M|/server/README.md
1748194071|Jonas|M|/server/gat.py
1748194071|Jonas|M|/server/server.py
1748206222|carsten|M|/benchmark/benchmark_AI.cpp
1748206222|carsten|M|/include/AI.h
1748206222|carsten|M|/src/AI.cpp
1748206222|carsten|M|/src/main.cpp
1748206222|carsten|M|/tests/AI_daten.csv
1748206222|carsten|M|/tests/AI_test.cpp
1748206366|Jonas|M|/src/game.cpp
1748206407|carsten|M|/src/AI.cpp
1748208241|Jonas|M|/clientsrc/client.cpp
1748208241|Jonas|M|/src/AI.cpp
1748210916|Jonas|M|/src/AI.cpp
1748255196|Jonas|M|/CMakeLists.txt
1748255196|Jonas|A|/clientsrc/dummy_client.cpp
1748255196|Jonas|A|/include/dummy_AI.h
1748255196|Jonas|A|/src/dummy_AI.cpp
1748276924|Jonas|M|/include/AI.h
1748276924|Jonas|A|/server/logs0011172.txt
1748276924|Jonas|A|/server/logs00163212.txt
1748276924|Jonas|A|/server/logs00332861.txt
1748276924|Jonas|A|/server/logs00601326.txt
1748276924|Jonas|A|/server/logs00764011.txt
1748276924|Jonas|A|/server/logs00968272.txt
1748276924|Jonas|A|/server/logs01349414.txt
1748276924|Jonas|A|/server/logs01395563.txt
1748276924|Jonas|A|/server/logs01480096.txt
1748276924|Jonas|A|/server/logs01620014.txt
1748276924|Jonas|A|/server/logs01766872.txt
1748276924|Jonas|A|/server/logs01907160.txt
1748276924|Jonas|M|/server/server.py
1748276924|Jonas|M|/src/AI.cpp
1748277088|Jonas|D|/server/logs0011172.txt
1748277088|Jonas|D|/server/logs00163212.txt
1748277088|Jonas|D|/server/logs00332861.txt
1748277088|Jonas|D|/server/logs00601326.txt
1748277088|Jonas|D|/server/logs00764011.txt
1748277088|Jonas|D|/server/logs00968272.txt
1748277088|Jonas|D|/server/logs01349414.txt
1748277088|Jonas|D|/server/logs01395563.txt
1748277088|Jonas|D|/server/logs01480096.txt
1748277088|Jonas|D|/server/logs01620014.txt
1748277088|Jonas|D|/server/logs01766872.txt
1748277088|Jonas|D|/server/logs01907160.txt
1748277088|Jonas|M|/server/server.py
1748277797|Jonas|M|/src/AI.cpp
1748282342|Jonas|M|/src/AI.cpp
1748379552|Jonas|M|/CMakeLists.txt
1748379552|Jonas|M|/benchmark/benchmark_AI.cpp
1748379552|Jonas|M|/clientsrc/client.cpp
1748379552|Jonas|A|/clientsrc/clientLauncher.cpp
1748430036|Jonas|M|/src/AI.cpp
1748433133|Jonas|M|/server/README.md
1748433133|Jonas|M|/server/gat.py
1748433133|Jonas|A|/server/network.py
1748433133|Jonas|M|/server/server.py
1748433459|Jonas|M|/README.md
1748433459|Jonas|M|/server/server.py
1748434441|Jonas|M|/src/game.cpp
1748452300|Jonas|M|/CMakeLists.txt
1748532636|Jonas|M|/include/AI.h
1748532636|Jonas|M|/include/Utils.h
1748532636|Jonas|M|/include/dummy_AI.h
1748532636|Jonas|M|/include/game.h
1748533426|Jonas|M|/include/AI.h
1748533426|Jonas|M|/include/Utils.h
1748533426|Jonas|M|/include/dummy_AI.h
1748533426|Jonas|M|/include/game.h
1748533701|Jonas|M|/CMakeLists.txt
1748533701|Jonas|A|/clientsrc/dummyClient.cpp
1748533701|Jonas|D|/clientsrc/dummy_client.cpp
1748533701|Jonas|A|/include/Game.h
1748533701|Jonas|A|/include/dummyAI.h
1748533701|Jonas|D|/include/dummy_AI.h
1748533701|Jonas|D|/include/game.h
1748533701|Jonas|A|/src/Game.cpp
1748533701|Jonas|A|/src/dummyAI.cpp
1748533701|Jonas|D|/src/dummy_AI.cpp
1748533701|Jonas|D|/src/game.cpp
1748533844|Jonas|A|/clientsrc/Client.cpp
1748533844|Jonas|A|/clientsrc/ClientLauncher.cpp
1748533844|Jonas|D|/clientsrc/client.cpp
1748533844|Jonas|D|/clientsrc/clientLauncher.cpp
1748534812|Jonas|M|/include/Game.h
1748534812|Jonas|M|/src/Game.cpp
1748549660|Jonas|M|/clientsrc/Client.cpp
1748549660|Jonas|M|/clientsrc/dummyClient.cpp
1748549660|Jonas|M|/include/AI.h
1748549660|Jonas|M|/include/Game.h
1748549660|Jonas|M|/include/Utils.h
1748549660|Jonas|M|/include/dummyAI.h
1748549660|Jonas|A|/include/move.h
1748549660|Jonas|M|/src/AI.cpp
1748549660|Jonas|M|/src/Game.cpp
1748549660|Jonas|M|/src/Utils.cpp
1748549660|Jonas|M|/src/dummyAI.cpp
1748549660|Jonas|M|/src/main.cpp
1748549660|Jonas|A|/src/move.cpp
1748592243|Jonas|M|/include/Game.h
1748592243|Jonas|M|/include/move.h
1748592243|Jonas|M|/src/AI.cpp
1748592243|Jonas|M|/src/Game.cpp
1748592243|Jonas|M|/src/main.cpp
1748592243|Jonas|M|/src/move.cpp
1748592243|Jonas|M|/tests/AI_test.cpp
1748592243|Jonas|M|/tests/make_move_tests.cpp
1748678833|Jonas|M|/src/Game.cpp
1748690710|Jonas|M|/clientInfo/config.txt
1748690710|Jonas|M|/clientsrc/client.cpp
1748690785|Jonas|M|/clientsrc/dummy_client.cpp
1748789393|Jonas|M|/src/AI.cpp
1748790759|Jonas|M|/src/AI.cpp
1748900554|Jonas|M|/include/Game.h
1748900554|Jonas|M|/src/Game.cpp
1748900554|Jonas|M|/src/main.cpp
1748901156|Jonas|M|/README.md
1748957507|Jonas|M|/include/Game.h
1748957507|Jonas|M|/src/AI.cpp
1748960715|Jonas|M|/benchmark/benchmark_AI.cpp
1748960715|Jonas|M|/clientsrc/dummyClient.cpp
1748960715|Jonas|M|/src/AI.cpp
1748960715|Jonas|M|/src/main.cpp
1748975309|Jonas|M|/include/AI.h
1748975309|Jonas|M|/src/AI.cpp
1748975309|Jonas|M|/src/Game.cpp
1748975309|Jonas|M|/src/main.cpp
1748975668|Jonas|M|/src/Game.cpp
1750693278|Jonas|M|/src/AI.cpp
1750693278|Jonas|M|/src/main.cpp
1750779845|Jonas|M|/src/AI.cpp
1750779845|Jonas|M|/src/main.cpp
1750781020|Jonas|A|/CHANGELOG.md
1750781020|Jonas|M|/CMakeLists.txt
1750781020|Jonas|A|/Dockerfile
1750781020|Jonas|M|/README.md
1750781020|Jonas|A|/clientsrc/dockerClient.cpp
1750781097|Jonas|M|/clientsrc/Client.cpp
1750781097|Jonas|M|/include/AI.h
1750781097|Jonas|M|/include/Game.h
1750781097|Jonas|M|/include/dummyAI.h
1750781097|Jonas|M|/include/move.h
1750781097|Jonas|M|/src/AI.cpp
1750781097|Jonas|M|/src/Game.cpp
1750781097|Jonas|M|/src/dummyAI.cpp
1750781097|Jonas|M|/src/main.cpp
1750781097|Jonas|M|/tests/Utils_test.h
1750781097|Jonas|M|/tests/correctness_test.cpp
1750781097|Jonas|M|/tests/make_move_tests.cpp
1750791925|Jonas|M|/clientsrc/Client.cpp
1750791925|Jonas|M|/include/AI.h
1750791925|Jonas|M|/src/AI.cpp
1750792677|Jonas|M|/src/AI.cpp
1750792874|Jonas|M|/benchmark/benchmark_AI.cpp
1750792874|Jonas|M|/benchmark/benchmark_zuggenerator.cpp
1750792874|Jonas|M|/clientsrc/dockerClient.cpp
1750792874|Jonas|M|/src/main.cpp
1750792874|Jonas|M|/tests/make_move_tests.cpp
1750793789|carsten|M|/include/Utils.h
1750793789|carsten|M|/include/move.h
1750793789|carsten|M|/src/main.cpp
1750796284|carsten|M|/benchmark/benchmark_AI.cpp
1750796284|carsten|M|/src/main.cpp
1750796284|carsten|M|/tests/correctness_test.cpp
1750797013|Jonas|M|/benchmark/benchmark_AI.cpp
1750797013|Jonas|M|/include/AI.h
1750797013|Jonas|M|/src/AI.cpp
1750797013|Jonas|M|/src/main.cpp
1750798781|Jonas|M|/clientsrc/Client.cpp
1750799149|Jonas|M|/src/Game.cpp
1750803650|Jonas|M|/benchmark/benchmark_AI.cpp
1750803650|Jonas|M|/clientsrc/Client.cpp
1750803650|Jonas|M|/include/AI.h
1750803650|Jonas|M|/include/Game.h
1750803650|Jonas|A|/include/transposition_table.h
1750803650|Jonas|M|/src/AI.cpp
1750803650|Jonas|A|/transposition_table/transposition_table.bin
1750866637|Jonas|M|/include/transposition_table.h
1750866637|Jonas|M|/src/AI.cpp
1750866637|Jonas|M|/tests/correctness_test.cpp
1750868064|carsten|M|/src/main.cpp
1750868064|carsten|M|/tests/correctness_test.cpp
1750950474|Jonas|M|/include/Game.h
1750950474|Jonas|M|/include/move.h
1750950474|Jonas|M|/src/Game.cpp
1750951708|Jonas|M|/include/transposition_table.h
1750951708|Jonas|M|/tests/correctness_test.cpp
1750951708|Jonas|M|/tests/make_move_tests.cpp
1751137115|Jonas|M|/include/transposition_table.h
1751141714|Jonas|M|/include/transposition_table.h
1751141714|Jonas|M|/src/AI.cpp
1751141714|Jonas|M|/src/main.cpp
1751141714|Jonas|M|/tests/correctness_test.cpp
1751817286|Jonas|M|/benchmark/benchmark_AI.cpp
1751817286|Jonas|M|/clientsrc/Client.cpp
1751817286|Jonas|M|/include/transposition_table.h
1751817286|Jonas|M|/src/AI.cpp
1751817286|Jonas|M|/src/main.cpp
1751817286|Jonas|M|/tests/correctness_test.cpp
1751893510|Jonas|M|/benchmark/benchmark_AI.cpp
1751893510|Jonas|M|/include/move.h
1751893510|Jonas|M|/src/AI.cpp
1751898722|carsten|M|/benchmark/benchmark_AI.cpp
1751898722|carsten|M|/include/AI.h
1751898722|carsten|M|/src/AI.cpp
1751911140|carsten|M|/benchmark/benchmark_AI.cpp
1751911140|carsten|M|/src/AI.cpp
1751911140|carsten|M|/src/main.cpp
1751911468|Jonas|M|/benchmark/benchmark_AI.cpp
1751911468|Jonas|M|/clientsrc/Client.cpp
1751911468|Jonas|M|/include/AI.h
1751911468|Jonas|M|/include/transposition_table.h
1751911468|Jonas|M|/src/AI.cpp
1751911468|Jonas|D|/transposition_table/transposition_table.bin
1751911468|Jonas|A|/transposition_table/transposition_table0.bin
1751911468|Jonas|A|/transposition_table/transposition_table1.bin
1751912541|carsten|M|/clientsrc/Client.cpp
1751989952|Jonas|M|/clientInfo/config.txt
1751989952|Jonas|M|/clientsrc/Client.cpp
1751989952|Jonas|M|/include/transposition_table.h
1751989952|Jonas|D|/transposition_table/transposition_table0.bin
1751989952|Jonas|D|/transposition_table/transposition_table1.bin
1752059976|Jonas|M|/clientsrc/Client.cpp
1752059976|Jonas|M|/src/AI.cpp
1752143556|Jonas|M|/Dockerfile
1752143556|Jonas|M|/clientInfo/config.txt
1752143556|Jonas|M|/clientsrc/Client.cpp
1752143556|Jonas|M|/clientsrc/dockerClient.cpp
1752143556|Jonas|M|/clientsrc/dummyClient.cpp
1752144779|carsten|M|/src/AI.cpp
1752145031|carsten|M|/src/AI.cpp
1752178227|Jonas|M|/src/AI.cpp
1752183738|Jonas|M|/clientInfo/config.txt
1752183738|Jonas|M|/src/AI.cpp
1752489228|Jonas|M|/src/AI.cpp
1752491101|Jonas|M|/benchmark/benchmark_AI.cpp
1752491101|Jonas|M|/src/AI.cpp
1752515895|carsten|M|/include/AI.h
1752515895|carsten|M|/src/AI.cpp
1752515895|carsten|M|/tests/correctness_test.cpp
1752517508|carsten|M|/clientInfo/config.txt
1752517508|carsten|M|/src/AI.cpp
1752518605|carsten|M|/src/AI.cpp
1752519977|Jonas|M|/src/AI.cpp
1752519977|Jonas|M|/src/main.cpp
1752521134|carsten|M|/src/AI.cpp
1752523710|carsten|M|/src/AI.cpp
1752767176|Jonas|M|/clientsrc/Client.cpp
1753205050|Jonas|A|/diagram.puml
